   35735 Aug 19 09:04  Information EventLog               2147489653 Der Ereignisprotokolldienst wurde gestartet.      
   35724 Aug 18 17:28  Information EventLog               2147489654 Der Ereignisprotokolldienst wurde beendet.        
   35355 Aug 18 08:10  Information EventLog               2147489653 Der Ereignisprotokolldienst wurde gestartet.      
   35344 Aug 17 16:41  Information EventLog               2147489654 Der Ereignisprotokolldienst wurde beendet.        
   35049 Aug 17 09:14  Information EventLog               2147489653 Der Ereignisprotokolldienst wurde gestartet.      
   35040 Aug 16 10:05  Information EventLog               2147489654 Der Ereignisprotokolldienst wurde beendet.        
   34763 Aug 16 09:53  Information EventLog               2147489653 Der Ereignisprotokolldienst wurde gestartet.      
   34754 Aug 14 16:09  Information EventLog               2147489654 Der Ereignisprotokolldienst wurde beendet.        
   34314 Aug 14 08:44  Information EventLog               2147489653 Der Ereignisprotokolldienst wurde gestartet.      
   34303 Aug 13 17:39  Information EventLog               2147489654 Der Ereignisprotokolldienst wurde beendet.        
   33975 Aug 13 08:11  Information EventLog               2147489653 Der Ereignisprotokolldienst wurde gestartet.      
   33966 Aug 12 21:51  Information EventLog               2147489654 Der Ereignisprotokolldienst wurde beendet.        
   33420 Aug 12 19:34  Information EventLog               2147489653 Der Ereignisprotokolldienst wurde gestartet.      
   33409 Aug 12 17:13  Information EventLog               2147489654 Der Ereignisprotokolldienst wurde beendet.        
   32978 Aug 12 09:06  Information EventLog               2147489653 Der Ereignisprotokolldienst wurde gestartet.      
   32969 Aug 11 22:32  Information EventLog               2147489654 Der Ereignisprotokolldienst wurde beendet.        
   32729 Aug 11 22:17  Information EventLog               2147489653 Der Ereignisprotokolldienst wurde gestartet.      
   32718 Aug 11 17:37  Information EventLog               2147489654 Der Ereignisprotokolldienst wurde beendet.        
   32399 Aug 11 07:58  Information EventLog               2147489653 Der Ereignisprotokolldienst wurde gestartet.      
   32388 Aug 10 17:55  Information EventLog               2147489654 Der Ereignisprotokolldienst wurde beendet.        
   32081 Aug 10 07:25  Information EventLog               2147489653 Der Ereignisprotokolldienst wurde gestartet.      
   32070 Aug 07 16:06  Information EventLog               2147489654 Der Ereignisprotokolldienst wurde beendet.        
   31642 Aug 07 09:08  Information EventLog               2147489653 Der Ereignisprotokolldienst wurde gestartet.      
   31631 Aug 06 18:05  Information EventLog               2147489654 Der Ereignisprotokolldienst wurde beendet.        
   31232 Aug 06 08:22  Information EventLog               2147489653 Der Ereignisprotokolldienst wurde gestartet.      
   31223 Aug 05 18:11  Information EventLog               2147489654 Der Ereignisprotokolldienst wurde beendet.        
   30798 Aug 05 09:19  Information EventLog               2147489653 Der Ereignisprotokolldienst wurde gestartet.      
   30789 Aug 05 01:06  Information EventLog               2147489654 Der Ereignisprotokolldienst wurde beendet.        
   30539 Aug 04 23:43  Information EventLog               2147489653 Der Ereignisprotokolldienst wurde gestartet.      
   30528 Aug 04 18:37  Information EventLog               2147489654 Der Ereignisprotokolldienst wurde beendet.        
   30119 Aug 04 08:21  Information EventLog               2147489653 Der Ereignisprotokolldienst wurde gestartet.      
   30108 Aug 03 18:13  Information EventLog               2147489654 Der Ereignisprotokolldienst wurde beendet.        
   29805 Aug 03 08:07  Information EventLog               2147489653 Der Ereignisprotokolldienst wurde gestartet.      
   29796 Jul 31 15:56  Information EventLog               2147489654 Der Ereignisprotokolldienst wurde beendet.        
   29351 Jul 31 08:16  Information EventLog               2147489653 Der Ereignisprotokolldienst wurde gestartet.      
   29344 Jul 31 08:15  Information EventLog               2147489654 Der Ereignisprotokolldienst wurde beendet.        
   29129 Jul 31 08:14  Information EventLog               2147489653 Der Ereignisprotokolldienst wurde gestartet.      
   29120 Jul 30 18:36  Information EventLog               2147489654 Der Ereignisprotokolldienst wurde beendet.        
   28633 Jul 30 08:28  Information EventLog               2147489653 Der Ereignisprotokolldienst wurde gestartet.      
   28624 Jul 18 15:21  Information EventLog               2147489654 Der Ereignisprotokolldienst wurde beendet.        
   28321 Jul 18 14:39  Information EventLog               2147489653 Der Ereignisprotokolldienst wurde gestartet.      
   28312 Jul 17 10:57  Information EventLog               2147489654 Der Ereignisprotokolldienst wurde beendet.        
   28074 Jul 17 07:57  Information EventLog               2147489653 Der Ereignisprotokolldienst wurde gestartet.      
   28065 Jul 16 23:42  Information EventLog               2147489654 Der Ereignisprotokolldienst wurde beendet.        
   27794 Jul 16 21:12  Information EventLog               2147489653 Der Ereignisprotokolldienst wurde gestartet.      
   27785 Jul 16 20:27  Information EventLog               2147489654 Der Ereignisprotokolldienst wurde beendet.        
   27569 Jul 16 20:07  Information EventLog               2147489653 Der Ereignisprotokolldienst wurde gestartet.      
   27560 Jul 16 15:40  Information EventLog               2147489654 Der Ereignisprotokolldienst wurde beendet.        
   27324 Jul 16 15:32  Information EventLog               2147489653 Der Ereignisprotokolldienst wurde gestartet.      
   27315 Jul 15 23:36  Information EventLog               2147489654 Der Ereignisprotokolldienst wurde beendet.        
   27075 Jul 15 23:07  Information EventLog               2147489653 Der Ereignisprotokolldienst wurde gestartet.      
   27064 Jul 15 18:42  Information EventLog               2147489654 Der Ereignisprotokolldienst wurde beendet.        
   26741 Jul 15 08:15  Information EventLog               2147489653 Der Ereignisprotokolldienst wurde gestartet.      
   26731 Jul 14 16:20  Information EventLog               2147489654 Der Ereignisprotokolldienst wurde beendet.        
   26406 Jul 14 07:22  Information EventLog               2147489653 Der Ereignisprotokolldienst wurde gestartet.      
   26399 Jul 13 23:32  Information EventLog               2147489654 Der Ereignisprotokolldienst wurde beendet.        
   26131 Jul 13 22:18  Information EventLog               2147489653 Der Ereignisprotokolldienst wurde gestartet.      
   26123 Jul 13 17:50  Information EventLog               2147489654 Der Ereignisprotokolldienst wurde beendet.        
   25813 Jul 13 08:39  Information EventLog               2147489653 Der Ereignisprotokolldienst wurde gestartet.      
   25804 Jul 12 11:30  Information EventLog               2147489654 Der Ereignisprotokolldienst wurde beendet.        
   25542 Jul 12 11:12  Information EventLog               2147489653 Der Ereignisprotokolldienst wurde gestartet.      
   25535 Jul 12 10:11  Information EventLog               2147489654 Der Ereignisprotokolldienst wurde beendet.        
   25233 Jul 12 09:54  Information EventLog               2147489653 Der Ereignisprotokolldienst wurde gestartet.      
   25222 Jul 10 17:02  Information EventLog               2147489654 Der Ereignisprotokolldienst wurde beendet.        
   24914 Jul 10 08:40  Information EventLog               2147489653 Der Ereignisprotokolldienst wurde gestartet.      
   24903 Jul 09 17:29  Information EventLog               2147489654 Der Ereignisprotokolldienst wurde beendet.        
   24652 Jul 09 12:00  Information EventLog               2147489653 Der Ereignisprotokolldienst wurde gestartet.      
   24641 Jul 09 11:59  Information EventLog               2147489654 Der Ereignisprotokolldienst wurde beendet.        
   24348 Jul 09 08:16  Information EventLog               2147489653 Der Ereignisprotokolldienst wurde gestartet.      
   24337 Jul 08 18:28  Information EventLog               2147489654 Der Ereignisprotokolldienst wurde beendet.        
   23972 Jul 08 09:08  Information EventLog               2147489653 Der Ereignisprotokolldienst wurde gestartet.      
   23963 Jul 07 20:55  Information EventLog               2147489654 Der Ereignisprotokolldienst wurde beendet.        
   23709 Jul 07 20:07  Information EventLog               2147489653 Der Ereignisprotokolldienst wurde gestartet.      
   23698 Jul 07 16:33  Information EventLog               2147489654 Der Ereignisprotokolldienst wurde beendet.        
   23229 Jul 07 07:59  Information EventLog               2147489653 Der Ereignisprotokolldienst wurde gestartet.      
   23218 Jul 06 17:11  Information EventLog               2147489654 Der Ereignisprotokolldienst wurde beendet.        
   22928 Jul 06 08:39  Information EventLog               2147489653 Der Ereignisprotokolldienst wurde gestartet.      
   22919 Jul 04 20:55  Information EventLog               2147489654 Der Ereignisprotokolldienst wurde beendet.        
   22703 Jul 04 20:47  Information EventLog               2147489653 Der Ereignisprotokolldienst wurde gestartet.      
   22692 Jul 03 19:42  Information EventLog               2147489654 Der Ereignisprotokolldienst wurde beendet.        
   22222 Jul 03 09:46  Information EventLog               2147489653 Der Ereignisprotokolldienst wurde gestartet.      
   22211 Jul 02 18:26  Information EventLog               2147489654 Der Ereignisprotokolldienst wurde beendet.        
   21755 Jul 01 22:57  Information EventLog               2147489653 Der Ereignisprotokolldienst wurde gestartet.      
   21746 Jul 01 16:57  Information EventLog               2147489654 Der Ereignisprotokolldienst wurde beendet.        
   21355 Jul 01 09:09  Information EventLog               2147489653 Der Ereignisprotokolldienst wurde gestartet.      
   21344 Jun 30 18:40  Information EventLog               2147489654 Der Ereignisprotokolldienst wurde beendet.        
   20982 Jun 30 09:00  Information EventLog               2147489653 Der Ereignisprotokolldienst wurde gestartet.      
   20971 Jun 29 17:14  Information EventLog               2147489654 Der Ereignisprotokolldienst wurde beendet.        
   20634 Jun 29 09:03  Information EventLog               2147489653 Der Ereignisprotokolldienst wurde gestartet.      
   20625 Jun 29 00:08  Information EventLog               2147489654 Der Ereignisprotokolldienst wurde beendet.        
   20367 Jun 28 23:22  Information EventLog               2147489653 Der Ereignisprotokolldienst wurde gestartet.      
   20356 Jun 26 16:06  Information EventLog               2147489654 Der Ereignisprotokolldienst wurde beendet.        
   20048 Jun 26 08:23  Information EventLog               2147489653 Der Ereignisprotokolldienst wurde gestartet.      
   20037 Jun 25 17:49  Information EventLog               2147489654 Der Ereignisprotokolldienst wurde beendet.        
   19670 Jun 25 08:13  Information EventLog               2147489653 Der Ereignisprotokolldienst wurde gestartet.      
   19659 Jun 24 17:04  Information EventLog               2147489654 Der Ereignisprotokolldienst wurde beendet.        
   19109 Jun 24 05:09  Information EventLog               2147489653 Der Ereignisprotokolldienst wurde gestartet.      
   19100 Jun 23 18:52  Information EventLog               2147489654 Der Ereignisprotokolldienst wurde beendet.        
   18881 Jun 23 18:40  Information EventLog               2147489653 Der Ereignisprotokolldienst wurde gestartet.      
   18870 Jun 23 17:34  Information EventLog               2147489654 Der Ereignisprotokolldienst wurde beendet.        
   18445 Jun 23 08:08  Information EventLog               2147489653 Der Ereignisprotokolldienst wurde gestartet.      
   18434 Jun 22 17:23  Information EventLog               2147489654 Der Ereignisprotokolldienst wurde beendet.        
   18049 Jun 22 08:03  Information EventLog               2147489653 Der Ereignisprotokolldienst wurde gestartet.      
   18040 Jun 19 18:35  Information EventLog               2147489654 Der Ereignisprotokolldienst wurde beendet.        
   17850 Jun 19 18:33  Information EventLog               2147489653 Der Ereignisprotokolldienst wurde gestartet.      
   17841 Jun 19 18:32  Information EventLog               2147489654 Der Ereignisprotokolldienst wurde beendet.        
   17590 Jun 19 18:31  Information EventLog               2147489653 Der Ereignisprotokolldienst wurde gestartet.      
   17579 Jun 19 18:30  Information EventLog               2147489654 Der Ereignisprotokolldienst wurde beendet.        
   17084 Jun 19 08:56  Information EventLog               2147489653 Der Ereignisprotokolldienst wurde gestartet.      
   17074 Jun 18 17:21  Information EventLog               2147489654 Der Ereignisprotokolldienst wurde beendet.        
   16681 Jun 18 09:03  Information EventLog               2147489653 Der Ereignisprotokolldienst wurde gestartet.      
   16670 Jun 18 09:00  Information EventLog               2147489654 Der Ereignisprotokolldienst wurde beendet.        
   16443 Jun 18 08:23  Information EventLog               2147489653 Der Ereignisprotokolldienst wurde gestartet.      
   16434 Jun 17 16:30  Information EventLog               2147489654 Der Ereignisprotokolldienst wurde beendet.        
   16102 Jun 17 14:24  Information EventLog               2147489653 Der Ereignisprotokolldienst wurde gestartet.      
   16097 Jun 17 14:23  Information EventLog               2147489654 Der Ereignisprotokolldienst wurde beendet.        
   15733 Jun 17 09:07  Information EventLog               2147489653 Der Ereignisprotokolldienst wurde gestartet.      
   15722 Jun 16 17:34  Information EventLog               2147489654 Der Ereignisprotokolldienst wurde beendet.        
   15279 Jun 16 08:02  Information EventLog               2147489653 Der Ereignisprotokolldienst wurde gestartet.      
   15268 Jun 15 18:31  Information EventLog               2147489654 Der Ereignisprotokolldienst wurde beendet.        
   14837 Jun 15 08:15  Information EventLog               2147489653 Der Ereignisprotokolldienst wurde gestartet.      
   14828 Jun 15 00:34  Information EventLog               2147489654 Der Ereignisprotokolldienst wurde beendet.        
   14594 Jun 14 23:49  Information EventLog               2147489653 Der Ereignisprotokolldienst wurde gestartet.      
   14583 Jun 14 12:31  Information EventLog               2147489654 Der Ereignisprotokolldienst wurde beendet.        
   14282 Jun 14 11:54  Information EventLog               2147489653 Der Ereignisprotokolldienst wurde gestartet.      
   14271 Jun 13 00:02  Information EventLog               2147489654 Der Ereignisprotokolldienst wurde beendet.        
   13748 Jun 12 09:34  Information EventLog               2147489653 Der Ereignisprotokolldienst wurde gestartet.      
   13737 Jun 11 16:17  Information EventLog               2147489654 Der Ereignisprotokolldienst wurde beendet.        
   13359 Jun 11 08:45  Information EventLog               2147489653 Der Ereignisprotokolldienst wurde gestartet.      
   13348 Jun 10 15:53  Information EventLog               2147489654 Der Ereignisprotokolldienst wurde beendet.        
   12991 Jun 10 09:17  Information EventLog               2147489653 Der Ereignisprotokolldienst wurde gestartet.      
   12980 Jun 09 16:15  Information EventLog               2147489654 Der Ereignisprotokolldienst wurde beendet.        
   12624 Jun 09 08:30  Information EventLog               2147489653 Der Ereignisprotokolldienst wurde gestartet.      
   12613 Jun 08 15:53  Information EventLog               2147489654 Der Ereignisprotokolldienst wurde beendet.        
   12300 Jun 08 08:27  Information EventLog               2147489653 Der Ereignisprotokolldienst wurde gestartet.      
   12291 Jun 05 10:33  Information EventLog               2147489654 Der Ereignisprotokolldienst wurde beendet.        
   11978 Jun 05 08:50  Information EventLog               2147489653 Der Ereignisprotokolldienst wurde gestartet.      
   11971 Jun 03 16:28  Information EventLog               2147489654 Der Ereignisprotokolldienst wurde beendet.        
   11554 Jun 03 09:11  Information EventLog               2147489653 Der Ereignisprotokolldienst wurde gestartet.      
   11543 Jun 02 16:55  Information EventLog               2147489654 Der Ereignisprotokolldienst wurde beendet.        
   11127 Jun 02 08:10  Information EventLog               2147489653 Der Ereignisprotokolldienst wurde gestartet.      
   11121 Jun 01 16:31  Information EventLog               2147489654 Der Ereignisprotokolldienst wurde beendet.        
   10773 Jun 01 08:03  Information EventLog               2147489653 Der Ereignisprotokolldienst wurde gestartet.      
   10762 Mai 29 15:59  Information EventLog               2147489654 Der Ereignisprotokolldienst wurde beendet.        
   10339 Mai 29 08:22  Information EventLog               2147489653 Der Ereignisprotokolldienst wurde gestartet.      
   10330 Mai 28 17:17  Information EventLog               2147489654 Der Ereignisprotokolldienst wurde beendet.        
    9968 Mai 28 08:09  Information EventLog               2147489653 Der Ereignisprotokolldienst wurde gestartet.      
    9959 Mai 27 19:12  Information EventLog               2147489654 Der Ereignisprotokolldienst wurde beendet.        
    9542 Mai 27 10:26  Information EventLog               2147489653 Der Ereignisprotokolldienst wurde gestartet.      
    9531 Mai 27 10:26  Information EventLog               2147489654 Der Ereignisprotokolldienst wurde beendet.        
    8944 Mai 26 07:33  Information EventLog               2147489653 Der Ereignisprotokolldienst wurde gestartet.      
    8937 Mai 25 22:57  Information EventLog               2147489654 Der Ereignisprotokolldienst wurde beendet.        
    8646 Mai 25 22:19  Information EventLog               2147489653 Der Ereignisprotokolldienst wurde gestartet.      
    8635 Mai 20 18:13  Information EventLog               2147489654 Der Ereignisprotokolldienst wurde beendet.        
    8173 Mai 20 09:12  Information EventLog               2147489653 Der Ereignisprotokolldienst wurde gestartet.      
    8162 Mai 19 18:04  Information EventLog               2147489654 Der Ereignisprotokolldienst wurde beendet.        
    7695 Mai 19 07:40  Information EventLog               2147489653 Der Ereignisprotokolldienst wurde gestartet.      
    7685 Mai 18 16:30  Information EventLog               2147489654 Der Ereignisprotokolldienst wurde beendet.        
    7316 Mai 18 08:17  Information EventLog               2147489653 Der Ereignisprotokolldienst wurde gestartet.      
    7307 Mai 15 15:18  Information EventLog               2147489654 Der Ereignisprotokolldienst wurde beendet.        
    6961 Mai 15 08:15  Information EventLog               2147489653 Der Ereignisprotokolldienst wurde gestartet.      
    6956 Mai 13 18:27  Information EventLog               2147489654 Der Ereignisprotokolldienst wurde beendet.        
    6737 Mai 13 18:14  Information EventLog               2147489653 Der Ereignisprotokolldienst wurde gestartet.      
    6726 Mai 13 17:30  Information EventLog               2147489654 Der Ereignisprotokolldienst wurde beendet.        
    6299 Mai 13 09:11  Information EventLog               2147489653 Der Ereignisprotokolldienst wurde gestartet.      
    6290 Mai 12 16:08  Information EventLog               2147489654 Der Ereignisprotokolldienst wurde beendet.        
    5949 Mai 12 08:19  Information EventLog               2147489653 Der Ereignisprotokolldienst wurde gestartet.      
    5938 Mai 11 17:08  Information EventLog               2147489654 Der Ereignisprotokolldienst wurde beendet.        
    5506 Mai 11 08:19  Information EventLog               2147489653 Der Ereignisprotokolldienst wurde gestartet.      
    5497 Mai 08 16:32  Information EventLog               2147489654 Der Ereignisprotokolldienst wurde beendet.        
    5310 Mai 08 16:30  Information EventLog               2147489653 Der Ereignisprotokolldienst wurde gestartet.      
    5299 Mai 08 16:29  Information EventLog               2147489654 Der Ereignisprotokolldienst wurde beendet.        
    4902 Mai 08 09:09  Information EventLog               2147489653 Der Ereignisprotokolldienst wurde gestartet.      
    4891 Mai 07 17:23  Information EventLog               2147489654 Der Ereignisprotokolldienst wurde beendet.        
    4470 Mai 07 08:12  Information EventLog               2147489653 Der Ereignisprotokolldienst wurde gestartet.      
    4461 Mai 06 16:56  Information EventLog               2147489654 Der Ereignisprotokolldienst wurde beendet.        
    3990 Mai 06 09:05  Information EventLog               2147489653 Der Ereignisprotokolldienst wurde gestartet.      
    3979 Mai 05 17:03  Information EventLog               2147489654 Der Ereignisprotokolldienst wurde beendet.        
    3470 Mai 05 07:52  Information EventLog               2147489653 Der Ereignisprotokolldienst wurde gestartet.      
    3459 Mai 04 17:21  Information EventLog               2147489654 Der Ereignisprotokolldienst wurde beendet.        
    3036 Mai 04 09:10  Information EventLog               2147489653 Der Ereignisprotokolldienst wurde gestartet.      
    3027 Mai 04 09:09  Information EventLog               2147489654 Der Ereignisprotokolldienst wurde beendet.        
    2425 Apr 23 11:42  Information EventLog               2147489653 Der Ereignisprotokolldienst wurde gestartet.      
    2416 Apr 23 11:41  Information EventLog               2147489654 Der Ereignisprotokolldienst wurde beendet.        
    2235 Apr 23 11:40  Information EventLog               2147489653 Der Ereignisprotokolldienst wurde gestartet.      
    2224 Apr 23 11:39  Information EventLog               2147489654 Der Ereignisprotokolldienst wurde beendet.        
    1994 Apr 23 11:38  Information EventLog               2147489653 Der Ereignisprotokolldienst wurde gestartet.      
    1983 Apr 23 11:32  Information EventLog               2147489654 Der Ereignisprotokolldienst wurde beendet.        
    1799 Apr 23 11:32  Information EventLog               2147489653 Der Ereignisprotokolldienst wurde gestartet.      
    1789 Apr 23 11:21  Information EventLog               2147489654 Der Ereignisprotokolldienst wurde beendet.        
    1258 Apr 23 10:08  Information EventLog               2147489653 Der Ereignisprotokolldienst wurde gestartet.      
    1248 Apr 23 10:07  Information EventLog               2147489654 Der Ereignisprotokolldienst wurde beendet.        
     422 Apr 23 09:50  Information EventLog               2147489653 Der Ereignisprotokolldienst wurde gestartet.      
     414 Apr 23 09:50  Information EventLog               2147489654 Der Ereignisprotokolldienst wurde beendet.        
     220 Apr 23 09:47  Information EventLog               2147489653 Der Ereignisprotokolldienst wurde gestartet.      
     210 Apr 23 09:47  Information EventLog               2147489654 Der Ereignisprotokolldienst wurde beendet.        
       5 Apr 23 09:46  Information EventLog               2147489653 Der Ereignisprotokolldienst wurde gestartet.      
